
> youthcamping-luxury@0.1.0 build
> next build --webpack

node.exe : ΓÜá Warning: Next.js inferred your workspace root, but it may not be correct.
At line:1 char:1
+ & "C:\Program Files\nodejs/node.exe" "C:\Program Files\nodejs/node_mo ...
+ ~~~~~~~~~~~~~~~~~~~~~~~~~~~~~~~~~~~~~~~~~~~~~~~~~~~~~~~~~~~~~~~~~~~~~
    + CategoryInfo          : NotSpecified: (ΓÜá Warning: Ne...not be correct.:String) [], Remot 
   eException
    + FullyQualifiedErrorId : NativeCommandError
 
 We detected multiple lockfiles and selected the directory of C:\Users\Dell\package-lock.json as 
the root directory.
 To silence this warning, set `outputFileTracingRoot` in your Next.js config, or consider 
removing one of the lockfiles if it's not needed.
   See https://nextjs.org/docs/app/api-reference/config/next-config-js/output#caveats for more 
information.
 Detected additional lockfiles: 
   * C:\Users\Dell\Documents\YouthCamping\package-lock.json

Γû▓ Next.js 16.1.6 (webpack)
- Environments: .env.local

ΓÜá The "middleware" file convention is deprecated. Please use "proxy" instead. Learn more: 
https://nextjs.org/docs/messages/middleware-to-proxy
  Creating an optimized production build ...
Failed to compile.

./app/admin/page.tsx
Error:   x Not a pattern
     ,-[C:\Users\Dell\Documents\YouthCamping\app\admin\page.tsx:179:1]
 176 |                 </div>
 177 |     
 178 |                 {activeTab === "proposals" ? (
 179 | ,->                 quotations.length === 0 ? (
 180 | |                   <GlassCard className="flex flex-col items-center justify-center p-20 
text-center gap-6">
 181 | |                       <div className="w-24 h-24 bg-primary/5 rounded-full flex 
items-center justify-center text-primary">
 182 | |                           <Clock size={48} />
 183 | |                       </div>
 184 | |                       <div>
 185 | |                           <h3 className="text-2xl font-bold text-gray-900">No Proposals 
Yet</h3>
 186 | |                           <p className="text-gray-500 font-medium mt-2">Start by 
creating your first luxury travel proposal.</p>
 187 | |                       </div>
 188 | |                   </GlassCard>
 189 | |               ) : (
 190 | |                   <div className="grid grid-cols-1 md:grid-cols-2 lg:grid-cols-3 gap-8">
 191 | |                       {quotations.map((q, idx) => (
 192 | |                           <motion.div
 193 | |                               key={q.id}
 194 | |                               initial={{ opacity: 0, y: 20 }}
 195 | |                               animate={{ opacity: 1, y: 0 }}
 196 | |                               transition={{ delay: idx * 0.05 }}
 197 | |                           >
 198 | |                               <GlassCard className="group relative overflow-hidden 
h-full flex flex-col p-8 rounded-[2.5rem] border-2 border-white/40 hover:border-primary/20 
transition-all duration-500 hover:shadow-2xl hover:shadow-primary/5">
 199 | |                                   {/* Status Badge */}
 200 | |                                   <div className="absolute top-8 right-8 z-10 flex 
flex-col items-end gap-2">
 201 | |                                       <span className={`px-4 py-1.5 rounded-full 
text-[9px] font-black uppercase tracking-widest flex items-center gap-2 shadow-sm ${q.status === 
'Published' ? 'bg-green-500 text-white' : 'bg-primary text-white'}`}>
 202 | |                                           {q.status}
 203 | |                                       </span>
 204 | |                                   </div>
 205 | |   
 206 | |                                   {/* Content */}
 207 | |                                   <div className="flex flex-col gap-8 pt-4 h-full">
 208 | |                                       <div className="space-y-3">
 209 | |                                           <div className="flex items-center gap-2 
text-primary font-black text-[10px] uppercase tracking-[0.2em]">
 210 | |                                               <MapPin size={12} />
 211 | |                                               {q.destination}
 212 | |                                           </div>
 213 | |                                           <h3 className="text-2xl font-black 
text-gray-900 leading-tight line-clamp-2">
 214 | |                                               {q.clientName}
 215 | |                                           </h3>
 216 | |                                           <div className="flex items-center gap-3 
text-gray-400 font-bold text-[10px] uppercase tracking-widest">
 217 | |                                               <Clock size={12} />
 218 | |                                               {q.duration}
 219 | |                                           </div>
 220 | |                                       </div>
 221 | |   
 222 | |                                       <div className="grid grid-cols-2 gap-4 py-6 
border-y border-gray-50">
 223 | |                                           <div className="space-y-1">
 224 | |                                               <p className="text-[9px] font-black 
text-gray-400 uppercase tracking-widest">Guests</p>
 225 | |                                               <div className="flex items-center gap-2 
text-xs font-bold text-gray-700">
 226 | |                                                   <Users size={14} 
className="text-primary" />
 227 | |                                                   {q.pax} Person(s)
 228 | |                                               </div>
 229 | |                                           </div>
 230 | |                                           <div className="space-y-1">
 231 | |                                               <p className="text-[9px] font-black 
text-gray-400 uppercase tracking-widest">Travel Date</p>
 232 | |                                               <div className="flex items-center gap-2 
text-xs font-bold text-gray-700">
 233 | |                                                   <Calendar size={14} 
className="text-primary" />
 234 | |                                                   {q.travelDates?.from ? new 
Date(q.travelDates.from).toLocaleDateString('en-IN', { day: '2-digit', month: 'short' }) : "TBD"}
 235 | |                                               </div>
 236 | |                                           </div>
 237 | |                                       </div>
 238 | |   
 239 | |                                       <div className="flex flex-col gap-3 mt-auto">
 240 | |                                           {/* Main Row */}
 241 | |                                           <div className="flex gap-2">
 242 | |                                               <Link href={`/quote/${q.slug}`} 
className="flex-1">
 243 | |                                                   <Button variant="outline" 
className="w-full text-[10px] font-black uppercase tracking-widest h-12 rounded-xl 
border-gray-100 hover:border-primary hover:bg-white border-2">
 244 | |                                                       <Eye size={16} className="mr-2" 
/> View
 245 | |                                                   </Button>
 246 | |                                               </Link>
 247 | |                                               <Link href={`/admin/edit/${q.id}`} 
className="flex-1">
 248 | |                                                   <Button className="w-full text-[10px] 
font-black uppercase tracking-widest h-12 rounded-xl shadow-lg shadow-primary/20">
 249 | |                                                       <Edit size={16} className="mr-2" 
/> Edit
 250 | |                                                   </Button>
 251 | |                                               </Link>
 252 | |                                           </div>
 253 | |   
 254 | |                                           {/* Action Icons Row */}
 255 | |                                           <div className="grid grid-cols-4 gap-2 
items-center bg-gray-50/50 p-2 rounded-2xl">
 256 | |                                               <Button
 257 | |                                                   variant="ghost"
 258 | |                                                   className={`h-11 rounded-xl 
text-gray-500 hover:text-primary transition-all flex items-center justify-center gap-1.5 px-0 
${copiedId === q.id ? 'bg-green-50 text-green-600' : 'hover:bg-white shadow-sm hover:shadow'}`}
 259 | |                                                   onClick={() => handleCopyLink(q.slug, 
q.id)}
 260 | |                                                   title="Copy Link"
 261 | |                                               >
 262 | |                                                   {copiedId === q.id ? <Check size={14} 
/> : <LinkIcon size={14} />}
 263 | |                                                   <span className="text-[8px] 
font-black uppercase tracking-widest hidden sm:inline">Link</span>
 264 | |                                               </Button>
 265 | |   
 266 | |                                               <Button
 267 | |                                                   variant="ghost"
 268 | |                                                   className="h-11 rounded-xl 
text-gray-500 hover:text-green-600 hover:bg-white shadow-sm hover:shadow transition-all flex 
items-center justify-center gap-1.5 px-0"
 269 | |                                                   onClick={() => handleWhatsAppShare(q)}
 270 | |                                                   title="Share to WhatsApp"
 271 | |                                               >
 272 | |                                                   <WhatsAppIcon size={14} />
 273 | |                                                   <span className="text-[8px] 
font-black uppercase tracking-widest hidden sm:inline">WA</span>
 274 | |                                               </Button>
 275 | |   
 276 | |                                               <Button
 277 | |                                                   variant="ghost"
 278 | |                                                   className="h-11 rounded-xl 
text-gray-500 hover:text-blue-500 hover:bg-white shadow-sm hover:shadow transition-all flex 
items-center justify-center px-0"
 279 | |                                                   onClick={() => handleDuplicate(q)}
 280 | |                                                   title="Duplicate Proposal"
 281 | |                                               >
 282 | |                                                   <DuplicateIcon size={16} />
 283 | |                                               </Button>
 284 | |   
 285 | |                                               <Button
 286 | |                                                   variant="ghost"
 287 | |                                                   className="h-11 rounded-xl 
text-gray-400 hover:text-red-500 hover:bg-red-50 transition-all flex items-center justify-center 
px-0"
 288 | |                                                   onClick={(e) => handleDeleteClick(e, 
q.id)}
 289 | |                                                   title="Delete Proposal"
 290 | |                                               >
 291 | |                                                   <Trash2 size={16} />
 292 | |                                               </Button>
 293 | |                                           </div>
 294 | |                                       </div>
 295 | |                                   </div>
 296 | |                               </GlassCard>
 297 | |                           </motion.div>
 298 | |                       ))}
 299 | |                   </div>
 300 | `->             ) : (
 301 |                     <div className="flex flex-col gap-8">
 302 |                         {bookings.length === 0 ? (
 303 |                             <GlassCard className="flex flex-col items-center 
justify-center p-20 text-center gap-6">
     `----
  x Expected '</', got ':'
     ,-[C:\Users\Dell\Documents\YouthCamping\app\admin\page.tsx:300:1]
 297 |                         </motion.div>
 298 |                     ))}
 299 |                 </div>
 300 |             ) : (
     :               ^
 301 |                 <div className="flex flex-col gap-8">
 302 |                     {bookings.length === 0 ? (
 303 |                         <GlassCard className="flex flex-col items-center justify-center 
p-20 text-center gap-6">
     `----

Caused by:
    Syntax Error

Import trace for requested module:
./app/admin/page.tsx


> Build failed because of webpack errors
